------------------------------------------------------------
Timing Analyzer Summary
------------------------------------------------------------

Type  : Slow 1200mV 85C Model Setup 'control_unit:ctrl_unit|alu_op[2]'
Slack : -16.698
TNS   : -240.205

Type  : Slow 1200mV 85C Model Setup 'GPIO'
Slack : -16.122
TNS   : -6830.119

Type  : Slow 1200mV 85C Model Setup 'control_unit:ctrl_unit|bm_op[0]'
Slack : -6.585
TNS   : -84.942

Type  : Slow 1200mV 85C Model Setup 'control_unit:ctrl_unit|iv_cnt[0]'
Slack : -6.283
TNS   : -81.661

Type  : Slow 1200mV 85C Model Setup 'KEY[3]'
Slack : -4.877
TNS   : -102.676

Type  : Slow 1200mV 85C Model Setup 'control_unit:ctrl_unit|int_vect_entry:iv_ent|svc_in_prog'
Slack : -3.324
TNS   : -56.929

Type  : Slow 1200mV 85C Model Setup 'control_unit:ctrl_unit|ID_en'
Slack : -2.859
TNS   : -127.836

Type  : Slow 1200mV 85C Model Hold 'control_unit:ctrl_unit|alu_op[2]'
Slack : -1.793
TNS   : -7.376

Type  : Slow 1200mV 85C Model Hold 'control_unit:ctrl_unit|bm_op[0]'
Slack : -0.812
TNS   : -2.115

Type  : Slow 1200mV 85C Model Hold 'control_unit:ctrl_unit|int_vect_entry:iv_ent|svc_in_prog'
Slack : -0.423
TNS   : -0.933

Type  : Slow 1200mV 85C Model Hold 'control_unit:ctrl_unit|ID_en'
Slack : -0.160
TNS   : -0.160

Type  : Slow 1200mV 85C Model Hold 'KEY[3]'
Slack : -0.111
TNS   : -0.111

Type  : Slow 1200mV 85C Model Hold 'control_unit:ctrl_unit|iv_cnt[0]'
Slack : -0.097
TNS   : -0.164

Type  : Slow 1200mV 85C Model Hold 'GPIO'
Slack : 0.116
TNS   : 0.000

Type  : Slow 1200mV 85C Model Minimum Pulse Width 'GPIO'
Slack : -3.000
TNS   : -1686.037

Type  : Slow 1200mV 85C Model Minimum Pulse Width 'KEY[3]'
Slack : -3.000
TNS   : -38.980

Type  : Slow 1200mV 85C Model Minimum Pulse Width 'SW[17]'
Slack : -3.000
TNS   : -3.000

Type  : Slow 1200mV 85C Model Minimum Pulse Width 'control_unit:ctrl_unit|ID_en'
Slack : -1.285
TNS   : -78.385

Type  : Slow 1200mV 85C Model Minimum Pulse Width 'control_unit:ctrl_unit|iv_cnt[0]'
Slack : -0.362
TNS   : -6.442

Type  : Slow 1200mV 85C Model Minimum Pulse Width 'control_unit:ctrl_unit|int_vect_entry:iv_ent|svc_in_prog'
Slack : 0.235
TNS   : 0.000

Type  : Slow 1200mV 85C Model Minimum Pulse Width 'control_unit:ctrl_unit|alu_op[2]'
Slack : 0.261
TNS   : 0.000

Type  : Slow 1200mV 85C Model Minimum Pulse Width 'control_unit:ctrl_unit|bm_op[0]'
Slack : 0.417
TNS   : 0.000

Type  : Slow 1200mV 0C Model Setup 'control_unit:ctrl_unit|alu_op[2]'
Slack : -15.392
TNS   : -219.834

Type  : Slow 1200mV 0C Model Setup 'GPIO'
Slack : -14.728
TNS   : -6246.910

Type  : Slow 1200mV 0C Model Setup 'control_unit:ctrl_unit|bm_op[0]'
Slack : -6.264
TNS   : -80.154

Type  : Slow 1200mV 0C Model Setup 'control_unit:ctrl_unit|iv_cnt[0]'
Slack : -5.775
TNS   : -77.166

Type  : Slow 1200mV 0C Model Setup 'KEY[3]'
Slack : -4.413
TNS   : -89.351

Type  : Slow 1200mV 0C Model Setup 'control_unit:ctrl_unit|int_vect_entry:iv_ent|svc_in_prog'
Slack : -3.015
TNS   : -52.722

Type  : Slow 1200mV 0C Model Setup 'control_unit:ctrl_unit|ID_en'
Slack : -2.598
TNS   : -115.222

Type  : Slow 1200mV 0C Model Hold 'control_unit:ctrl_unit|alu_op[2]'
Slack : -1.624
TNS   : -6.732

Type  : Slow 1200mV 0C Model Hold 'control_unit:ctrl_unit|bm_op[0]'
Slack : -0.597
TNS   : -1.496

Type  : Slow 1200mV 0C Model Hold 'control_unit:ctrl_unit|int_vect_entry:iv_ent|svc_in_prog'
Slack : -0.311
TNS   : -0.518

Type  : Slow 1200mV 0C Model Hold 'KEY[3]'
Slack : -0.264
TNS   : -0.266

Type  : Slow 1200mV 0C Model Hold 'control_unit:ctrl_unit|ID_en'
Slack : -0.105
TNS   : -0.105

Type  : Slow 1200mV 0C Model Hold 'control_unit:ctrl_unit|iv_cnt[0]'
Slack : 0.005
TNS   : 0.000

Type  : Slow 1200mV 0C Model Hold 'GPIO'
Slack : 0.081
TNS   : 0.000

Type  : Slow 1200mV 0C Model Minimum Pulse Width 'GPIO'
Slack : -3.000
TNS   : -1669.141

Type  : Slow 1200mV 0C Model Minimum Pulse Width 'KEY[3]'
Slack : -3.000
TNS   : -38.980

Type  : Slow 1200mV 0C Model Minimum Pulse Width 'SW[17]'
Slack : -3.000
TNS   : -3.000

Type  : Slow 1200mV 0C Model Minimum Pulse Width 'control_unit:ctrl_unit|ID_en'
Slack : -1.285
TNS   : -78.385

Type  : Slow 1200mV 0C Model Minimum Pulse Width 'control_unit:ctrl_unit|iv_cnt[0]'
Slack : -0.351
TNS   : -4.367

Type  : Slow 1200mV 0C Model Minimum Pulse Width 'control_unit:ctrl_unit|int_vect_entry:iv_ent|svc_in_prog'
Slack : 0.339
TNS   : 0.000

Type  : Slow 1200mV 0C Model Minimum Pulse Width 'control_unit:ctrl_unit|bm_op[0]'
Slack : 0.342
TNS   : 0.000

Type  : Slow 1200mV 0C Model Minimum Pulse Width 'control_unit:ctrl_unit|alu_op[2]'
Slack : 0.432
TNS   : 0.000

Type  : Fast 1200mV 0C Model Setup 'control_unit:ctrl_unit|alu_op[2]'
Slack : -8.465
TNS   : -122.129

Type  : Fast 1200mV 0C Model Setup 'GPIO'
Slack : -7.516
TNS   : -3397.004

Type  : Fast 1200mV 0C Model Setup 'control_unit:ctrl_unit|iv_cnt[0]'
Slack : -3.371
TNS   : -34.865

Type  : Fast 1200mV 0C Model Setup 'control_unit:ctrl_unit|bm_op[0]'
Slack : -3.354
TNS   : -42.617

Type  : Fast 1200mV 0C Model Setup 'KEY[3]'
Slack : -2.615
TNS   : -49.341

Type  : Fast 1200mV 0C Model Setup 'control_unit:ctrl_unit|int_vect_entry:iv_ent|svc_in_prog'
Slack : -1.727
TNS   : -26.154

Type  : Fast 1200mV 0C Model Setup 'control_unit:ctrl_unit|ID_en'
Slack : -1.520
TNS   : -68.159

Type  : Fast 1200mV 0C Model Hold 'control_unit:ctrl_unit|alu_op[2]'
Slack : -1.078
TNS   : -5.796

Type  : Fast 1200mV 0C Model Hold 'control_unit:ctrl_unit|bm_op[0]'
Slack : -0.711
TNS   : -2.385

Type  : Fast 1200mV 0C Model Hold 'GPIO'
Slack : -0.030
TNS   : -0.030

Type  : Fast 1200mV 0C Model Hold 'KEY[3]'
Slack : -0.016
TNS   : -0.016

Type  : Fast 1200mV 0C Model Hold 'control_unit:ctrl_unit|int_vect_entry:iv_ent|svc_in_prog'
Slack : -0.010
TNS   : -0.010

Type  : Fast 1200mV 0C Model Hold 'control_unit:ctrl_unit|iv_cnt[0]'
Slack : 0.125
TNS   : 0.000

Type  : Fast 1200mV 0C Model Hold 'control_unit:ctrl_unit|ID_en'
Slack : 0.172
TNS   : 0.000

Type  : Fast 1200mV 0C Model Minimum Pulse Width 'GPIO'
Slack : -3.000
TNS   : -1090.983

Type  : Fast 1200mV 0C Model Minimum Pulse Width 'KEY[3]'
Slack : -3.000
TNS   : -44.010

Type  : Fast 1200mV 0C Model Minimum Pulse Width 'SW[17]'
Slack : -3.000
TNS   : -3.000

Type  : Fast 1200mV 0C Model Minimum Pulse Width 'control_unit:ctrl_unit|ID_en'
Slack : -1.000
TNS   : -61.000

Type  : Fast 1200mV 0C Model Minimum Pulse Width 'control_unit:ctrl_unit|iv_cnt[0]'
Slack : 0.020
TNS   : 0.000

Type  : Fast 1200mV 0C Model Minimum Pulse Width 'control_unit:ctrl_unit|alu_op[2]'
Slack : 0.071
TNS   : 0.000

Type  : Fast 1200mV 0C Model Minimum Pulse Width 'control_unit:ctrl_unit|int_vect_entry:iv_ent|svc_in_prog'
Slack : 0.199
TNS   : 0.000

Type  : Fast 1200mV 0C Model Minimum Pulse Width 'control_unit:ctrl_unit|bm_op[0]'
Slack : 0.355
TNS   : 0.000

------------------------------------------------------------
