------------------------------------------------------------
Timing Analyzer Summary
------------------------------------------------------------

Type  : Slow 1200mV 85C Model Setup 'GPIO'
Slack : -16.909
TNS   : -6502.146

Type  : Slow 1200mV 85C Model Setup 'control_unit:ctrl_unit|alu_op[2]'
Slack : -16.422
TNS   : -248.694

Type  : Slow 1200mV 85C Model Setup 'control_unit:ctrl_unit|bm_op[0]'
Slack : -6.628
TNS   : -94.957

Type  : Slow 1200mV 85C Model Setup 'control_unit:ctrl_unit|iv_cnt[0]'
Slack : -6.135
TNS   : -47.912

Type  : Slow 1200mV 85C Model Setup 'KEY[3]'
Slack : -4.731
TNS   : -95.842

Type  : Slow 1200mV 85C Model Setup 'control_unit:ctrl_unit|ID_en'
Slack : -2.616
TNS   : -117.796

Type  : Slow 1200mV 85C Model Hold 'control_unit:ctrl_unit|iv_cnt[0]'
Slack : -0.527
TNS   : -1.291

Type  : Slow 1200mV 85C Model Hold 'KEY[3]'
Slack : -0.221
TNS   : -1.772

Type  : Slow 1200mV 85C Model Hold 'GPIO'
Slack : -0.214
TNS   : -0.214

Type  : Slow 1200mV 85C Model Hold 'control_unit:ctrl_unit|ID_en'
Slack : 0.154
TNS   : 0.000

Type  : Slow 1200mV 85C Model Hold 'control_unit:ctrl_unit|alu_op[2]'
Slack : 0.261
TNS   : 0.000

Type  : Slow 1200mV 85C Model Hold 'control_unit:ctrl_unit|bm_op[0]'
Slack : 0.267
TNS   : 0.000

Type  : Slow 1200mV 85C Model Minimum Pulse Width 'GPIO'
Slack : -3.000
TNS   : -1682.182

Type  : Slow 1200mV 85C Model Minimum Pulse Width 'KEY[3]'
Slack : -3.000
TNS   : -38.980

Type  : Slow 1200mV 85C Model Minimum Pulse Width 'SW[17]'
Slack : -3.000
TNS   : -3.000

Type  : Slow 1200mV 85C Model Minimum Pulse Width 'control_unit:ctrl_unit|ID_en'
Slack : -1.285
TNS   : -78.385

Type  : Slow 1200mV 85C Model Minimum Pulse Width 'control_unit:ctrl_unit|iv_cnt[0]'
Slack : -0.217
TNS   : -6.801

Type  : Slow 1200mV 85C Model Minimum Pulse Width 'control_unit:ctrl_unit|bm_op[0]'
Slack : 0.441
TNS   : 0.000

Type  : Slow 1200mV 85C Model Minimum Pulse Width 'control_unit:ctrl_unit|alu_op[2]'
Slack : 0.464
TNS   : 0.000

Type  : Slow 1200mV 0C Model Setup 'GPIO'
Slack : -15.405
TNS   : -5952.925

Type  : Slow 1200mV 0C Model Setup 'control_unit:ctrl_unit|alu_op[2]'
Slack : -15.144
TNS   : -228.439

Type  : Slow 1200mV 0C Model Setup 'control_unit:ctrl_unit|bm_op[0]'
Slack : -6.253
TNS   : -89.337

Type  : Slow 1200mV 0C Model Setup 'control_unit:ctrl_unit|iv_cnt[0]'
Slack : -5.944
TNS   : -46.584

Type  : Slow 1200mV 0C Model Setup 'KEY[3]'
Slack : -4.350
TNS   : -80.913

Type  : Slow 1200mV 0C Model Setup 'control_unit:ctrl_unit|ID_en'
Slack : -2.332
TNS   : -105.447

Type  : Slow 1200mV 0C Model Hold 'control_unit:ctrl_unit|iv_cnt[0]'
Slack : -0.473
TNS   : -0.882

Type  : Slow 1200mV 0C Model Hold 'GPIO'
Slack : -0.230
TNS   : -0.230

Type  : Slow 1200mV 0C Model Hold 'KEY[3]'
Slack : -0.158
TNS   : -0.791

Type  : Slow 1200mV 0C Model Hold 'control_unit:ctrl_unit|ID_en'
Slack : 0.182
TNS   : 0.000

Type  : Slow 1200mV 0C Model Hold 'control_unit:ctrl_unit|alu_op[2]'
Slack : 0.248
TNS   : 0.000

Type  : Slow 1200mV 0C Model Hold 'control_unit:ctrl_unit|bm_op[0]'
Slack : 0.370
TNS   : 0.000

Type  : Slow 1200mV 0C Model Minimum Pulse Width 'GPIO'
Slack : -3.000
TNS   : -1665.286

Type  : Slow 1200mV 0C Model Minimum Pulse Width 'KEY[3]'
Slack : -3.000
TNS   : -38.980

Type  : Slow 1200mV 0C Model Minimum Pulse Width 'SW[17]'
Slack : -3.000
TNS   : -3.000

Type  : Slow 1200mV 0C Model Minimum Pulse Width 'control_unit:ctrl_unit|ID_en'
Slack : -1.285
TNS   : -78.385

Type  : Slow 1200mV 0C Model Minimum Pulse Width 'control_unit:ctrl_unit|iv_cnt[0]'
Slack : -0.218
TNS   : -4.406

Type  : Slow 1200mV 0C Model Minimum Pulse Width 'control_unit:ctrl_unit|bm_op[0]'
Slack : 0.384
TNS   : 0.000

Type  : Slow 1200mV 0C Model Minimum Pulse Width 'control_unit:ctrl_unit|alu_op[2]'
Slack : 0.388
TNS   : 0.000

Type  : Fast 1200mV 0C Model Setup 'control_unit:ctrl_unit|alu_op[2]'
Slack : -8.294
TNS   : -125.955

Type  : Fast 1200mV 0C Model Setup 'GPIO'
Slack : -7.751
TNS   : -3214.825

Type  : Fast 1200mV 0C Model Setup 'control_unit:ctrl_unit|bm_op[0]'
Slack : -3.439
TNS   : -49.394

Type  : Fast 1200mV 0C Model Setup 'control_unit:ctrl_unit|iv_cnt[0]'
Slack : -3.257
TNS   : -19.737

Type  : Fast 1200mV 0C Model Setup 'KEY[3]'
Slack : -2.533
TNS   : -42.449

Type  : Fast 1200mV 0C Model Setup 'control_unit:ctrl_unit|ID_en'
Slack : -1.416
TNS   : -64.200

Type  : Fast 1200mV 0C Model Hold 'control_unit:ctrl_unit|iv_cnt[0]'
Slack : -0.414
TNS   : -0.550

Type  : Fast 1200mV 0C Model Hold 'control_unit:ctrl_unit|bm_op[0]'
Slack : -0.215
TNS   : -0.278

Type  : Fast 1200mV 0C Model Hold 'GPIO'
Slack : -0.177
TNS   : -0.177

Type  : Fast 1200mV 0C Model Hold 'KEY[3]'
Slack : -0.175
TNS   : -2.370

Type  : Fast 1200mV 0C Model Hold 'control_unit:ctrl_unit|alu_op[2]'
Slack : -0.136
TNS   : -0.256

Type  : Fast 1200mV 0C Model Hold 'control_unit:ctrl_unit|ID_en'
Slack : 0.181
TNS   : 0.000

Type  : Fast 1200mV 0C Model Minimum Pulse Width 'GPIO'
Slack : -3.000
TNS   : -1098.141

Type  : Fast 1200mV 0C Model Minimum Pulse Width 'KEY[3]'
Slack : -3.000
TNS   : -40.900

Type  : Fast 1200mV 0C Model Minimum Pulse Width 'SW[17]'
Slack : -3.000
TNS   : -3.000

Type  : Fast 1200mV 0C Model Minimum Pulse Width 'control_unit:ctrl_unit|ID_en'
Slack : -1.000
TNS   : -61.000

Type  : Fast 1200mV 0C Model Minimum Pulse Width 'control_unit:ctrl_unit|iv_cnt[0]'
Slack : -0.042
TNS   : -0.649

Type  : Fast 1200mV 0C Model Minimum Pulse Width 'control_unit:ctrl_unit|alu_op[2]'
Slack : 0.257
TNS   : 0.000

Type  : Fast 1200mV 0C Model Minimum Pulse Width 'control_unit:ctrl_unit|bm_op[0]'
Slack : 0.379
TNS   : 0.000

------------------------------------------------------------
