------------------------------------------------------------
Timing Analyzer Summary
------------------------------------------------------------

Type  : Slow 1200mV 85C Model Setup 'SW[16]'
Slack : -7.293
TNS   : -553.194

Type  : Slow 1200mV 85C Model Setup 'KEY'
Slack : -1.986
TNS   : -20.843

Type  : Slow 1200mV 85C Model Hold 'SW[16]'
Slack : 0.440
TNS   : 0.000

Type  : Slow 1200mV 85C Model Hold 'KEY'
Slack : 0.445
TNS   : 0.000

Type  : Slow 1200mV 85C Model Minimum Pulse Width 'SW[16]'
Slack : -3.000
TNS   : -195.750

Type  : Slow 1200mV 85C Model Minimum Pulse Width 'KEY'
Slack : -3.000
TNS   : -22.275

Type  : Slow 1200mV 0C Model Setup 'SW[16]'
Slack : -6.721
TNS   : -498.981

Type  : Slow 1200mV 0C Model Setup 'KEY'
Slack : -1.709
TNS   : -17.657

Type  : Slow 1200mV 0C Model Hold 'SW[16]'
Slack : 0.387
TNS   : 0.000

Type  : Slow 1200mV 0C Model Hold 'KEY'
Slack : 0.398
TNS   : 0.000

Type  : Slow 1200mV 0C Model Minimum Pulse Width 'SW[16]'
Slack : -3.000
TNS   : -195.750

Type  : Slow 1200mV 0C Model Minimum Pulse Width 'KEY'
Slack : -3.000
TNS   : -22.275

Type  : Fast 1200mV 0C Model Setup 'SW[16]'
Slack : -3.235
TNS   : -208.654

Type  : Fast 1200mV 0C Model Setup 'KEY'
Slack : -0.414
TNS   : -2.904

Type  : Fast 1200mV 0C Model Hold 'SW[16]'
Slack : 0.201
TNS   : 0.000

Type  : Fast 1200mV 0C Model Hold 'KEY'
Slack : 0.208
TNS   : 0.000

Type  : Fast 1200mV 0C Model Minimum Pulse Width 'SW[16]'
Slack : -3.000
TNS   : -171.581

Type  : Fast 1200mV 0C Model Minimum Pulse Width 'KEY'
Slack : -3.000
TNS   : -20.649

------------------------------------------------------------
