------------------------------------------------------------
Timing Analyzer Summary
------------------------------------------------------------

Type  : Slow 1200mV 85C Model Setup 'SW[16]'
Slack : -6.519
TNS   : -525.712

Type  : Slow 1200mV 85C Model Setup 'KEY'
Slack : -1.479
TNS   : -15.336

Type  : Slow 1200mV 85C Model Hold 'SW[16]'
Slack : 0.440
TNS   : 0.000

Type  : Slow 1200mV 85C Model Hold 'KEY'
Slack : 0.445
TNS   : 0.000

Type  : Slow 1200mV 85C Model Minimum Pulse Width 'SW[16]'
Slack : -3.000
TNS   : -195.750

Type  : Slow 1200mV 85C Model Minimum Pulse Width 'KEY'
Slack : -3.000
TNS   : -22.275

Type  : Slow 1200mV 0C Model Setup 'SW[16]'
Slack : -5.960
TNS   : -474.556

Type  : Slow 1200mV 0C Model Setup 'KEY'
Slack : -1.216
TNS   : -12.258

Type  : Slow 1200mV 0C Model Hold 'SW[16]'
Slack : 0.387
TNS   : 0.000

Type  : Slow 1200mV 0C Model Hold 'KEY'
Slack : 0.398
TNS   : 0.000

Type  : Slow 1200mV 0C Model Minimum Pulse Width 'SW[16]'
Slack : -3.000
TNS   : -195.750

Type  : Slow 1200mV 0C Model Minimum Pulse Width 'KEY'
Slack : -3.000
TNS   : -22.275

Type  : Fast 1200mV 0C Model Setup 'SW[16]'
Slack : -2.768
TNS   : -195.985

Type  : Fast 1200mV 0C Model Setup 'KEY'
Slack : -0.210
TNS   : -0.848

Type  : Fast 1200mV 0C Model Hold 'SW[16]'
Slack : 0.201
TNS   : 0.000

Type  : Fast 1200mV 0C Model Hold 'KEY'
Slack : 0.208
TNS   : 0.000

Type  : Fast 1200mV 0C Model Minimum Pulse Width 'SW[16]'
Slack : -3.000
TNS   : -170.955

Type  : Fast 1200mV 0C Model Minimum Pulse Width 'KEY'
Slack : -3.000
TNS   : -20.730

------------------------------------------------------------
