------------------------------------------------------------
Timing Analyzer Summary
------------------------------------------------------------

Type  : Slow 1200mV 85C Model Setup 'SW[16]'
Slack : -6.806
TNS   : -532.659

Type  : Slow 1200mV 85C Model Setup 'KEY'
Slack : -1.960
TNS   : -20.768

Type  : Slow 1200mV 85C Model Hold 'SW[16]'
Slack : 0.440
TNS   : 0.000

Type  : Slow 1200mV 85C Model Hold 'KEY'
Slack : 0.445
TNS   : 0.000

Type  : Slow 1200mV 85C Model Minimum Pulse Width 'SW[16]'
Slack : -3.000
TNS   : -195.750

Type  : Slow 1200mV 85C Model Minimum Pulse Width 'KEY'
Slack : -3.000
TNS   : -22.275

Type  : Slow 1200mV 0C Model Setup 'SW[16]'
Slack : -6.103
TNS   : -477.001

Type  : Slow 1200mV 0C Model Setup 'KEY'
Slack : -1.675
TNS   : -17.330

Type  : Slow 1200mV 0C Model Hold 'SW[16]'
Slack : 0.387
TNS   : 0.000

Type  : Slow 1200mV 0C Model Hold 'KEY'
Slack : 0.398
TNS   : 0.000

Type  : Slow 1200mV 0C Model Minimum Pulse Width 'SW[16]'
Slack : -3.000
TNS   : -195.750

Type  : Slow 1200mV 0C Model Minimum Pulse Width 'KEY'
Slack : -3.000
TNS   : -22.275

Type  : Fast 1200mV 0C Model Setup 'SW[16]'
Slack : -2.798
TNS   : -191.570

Type  : Fast 1200mV 0C Model Setup 'KEY'
Slack : -0.439
TNS   : -3.235

Type  : Fast 1200mV 0C Model Hold 'SW[16]'
Slack : 0.201
TNS   : 0.000

Type  : Fast 1200mV 0C Model Hold 'KEY'
Slack : 0.208
TNS   : 0.000

Type  : Fast 1200mV 0C Model Minimum Pulse Width 'SW[16]'
Slack : -3.000
TNS   : -172.098

Type  : Fast 1200mV 0C Model Minimum Pulse Width 'KEY'
Slack : -3.000
TNS   : -20.803

------------------------------------------------------------
